{
  "canCancel" : false,
  "canExecute" : true,
  "canReset" : false
}