{
  "canCancel" : false,
  "canExecute" : true,
  "canRedo" : false,
  "canReset" : false,
  "canUndo" : false
}