{
  "root:1" : "IDLE",
  "root:2" : "EXECUTING",
  "root:3" : "QUEUED",
  "root:4" : "EXECUTED",
  "root:7" : "EXECUTING",
  "root:8" : "QUEUED"
}