{
  "root:1" : "IDLE",
  "root:2" : "CONFIGURED",
  "root:3" : "IDLE",
  "root:4" : "CONFIGURED",
  "root:7" : "IDLE",
  "root:8" : "IDLE"
}