{
  "ops" : [ {
  "op" : "replace",
  "path" : "/nodes/root:23/name",
  "value" : "New Name"
} ]
}