{
  "ops" : [ {
  "op" : "add",
  "path" : "/nodes/root:1/outPorts/0/info",
  "value" : "Variables connection"
}, {
  "op" : "add",
  "path" : "/nodes/root:1/outPorts/1/info",
  "value" : "Rows: 8, Cols: 5"
}, {
  "op" : "add",
  "path" : "/nodes/root:1/outPorts/2/info",
  "value" : "Rows: 4, Cols: 4"
}, {
  "op" : "add",
  "path" : "/nodes/root:12/outPorts/1/portContentVersion",
  "value" : "PLACEHOLDER_FOR_VERSION"
}, {
  "op" : "add",
  "path" : "/nodes/root:23/outPorts/1/portContentVersion",
  "value" : "PLACEHOLDER_FOR_VERSION"
}, {
  "op" : "add",
  "path" : "/nodes/root:8/outPorts/1/portContentVersion",
  "value" : "PLACEHOLDER_FOR_VERSION"
}, {
  "op" : "add",
  "path" : "/nodes/root:9/outPorts/1/portContentVersion",
  "value" : "PLACEHOLDER_FOR_VERSION"
}, {
  "op" : "remove",
  "path" : "/nodes/root:12/state/issue"
}, {
  "op" : "remove",
  "path" : "/nodes/root:12/state/resolutions"
}, {
  "op" : "remove",
  "path" : "/nodes/root:12/state/warning"
}, {
  "op" : "remove",
  "path" : "/nodes/root:23/state/issue"
}, {
  "op" : "remove",
  "path" : "/nodes/root:23/state/resolutions"
}, {
  "op" : "remove",
  "path" : "/nodes/root:23/state/warning"
}, {
  "op" : "remove",
  "path" : "/nodes/root:9/state/issue"
}, {
  "op" : "remove",
  "path" : "/nodes/root:9/state/resolutions"
}, {
  "op" : "remove",
  "path" : "/nodes/root:9/state/warning"
}, {
  "op" : "replace",
  "path" : "/allowedActions/canReset",
  "value" : true
}, {
  "op" : "replace",
  "path" : "/dirty",
  "value" : true
}, {
  "op" : "replace",
  "path" : "/nodes/root:1/allowedActions/canCollapse",
  "value" : "resetRequired"
}, {
  "op" : "replace",
  "path" : "/nodes/root:1/allowedActions/canExecute",
  "value" : false
}, {
  "op" : "replace",
  "path" : "/nodes/root:1/allowedActions/canReset",
  "value" : true
}, {
  "op" : "replace",
  "path" : "/nodes/root:1/outPorts/1/portContentVersion",
  "value" : "PLACEHOLDER_FOR_VERSION"
}, {
  "op" : "replace",
  "path" : "/nodes/root:1/outPorts/2/portContentVersion",
  "value" : "PLACEHOLDER_FOR_VERSION"
}, {
  "op" : "replace",
  "path" : "/nodes/root:1/state/executionState",
  "value" : "EXECUTED"
}, {
  "op" : "replace",
  "path" : "/nodes/root:10/outPorts/1/portContentVersion",
  "value" : "PLACEHOLDER_FOR_VERSION"
}, {
  "op" : "replace",
  "path" : "/nodes/root:11/outPorts/1/portContentVersion",
  "value" : "PLACEHOLDER_FOR_VERSION"
}, {
  "op" : "replace",
  "path" : "/nodes/root:12/state/executionState",
  "value" : "CONFIGURED"
}, {
  "op" : "replace",
  "path" : "/nodes/root:19/outPorts/1/portContentVersion",
  "value" : "PLACEHOLDER_FOR_VERSION"
}, {
  "op" : "replace",
  "path" : "/nodes/root:2/outPorts/1/portContentVersion",
  "value" : "PLACEHOLDER_FOR_VERSION"
}, {
  "op" : "replace",
  "path" : "/nodes/root:20/outPorts/1/portContentVersion",
  "value" : "PLACEHOLDER_FOR_VERSION"
}, {
  "op" : "replace",
  "path" : "/nodes/root:21/outPorts/1/portContentVersion",
  "value" : "PLACEHOLDER_FOR_VERSION"
}, {
  "op" : "replace",
  "path" : "/nodes/root:22/outPorts/1/portContentVersion",
  "value" : "PLACEHOLDER_FOR_VERSION"
}, {
  "op" : "replace",
  "path" : "/nodes/root:23/state/executionState",
  "value" : "CONFIGURED"
}, {
  "op" : "replace",
  "path" : "/nodes/root:25/outPorts/1/portContentVersion",
  "value" : "PLACEHOLDER_FOR_VERSION"
}, {
  "op" : "replace",
  "path" : "/nodes/root:25/outPorts/2/portContentVersion",
  "value" : "PLACEHOLDER_FOR_VERSION"
}, {
  "op" : "replace",
  "path" : "/nodes/root:25/outPorts/3/portContentVersion",
  "value" : "PLACEHOLDER_FOR_VERSION"
}, {
  "op" : "replace",
  "path" : "/nodes/root:27/outPorts/1/portContentVersion",
  "value" : "PLACEHOLDER_FOR_VERSION"
}, {
  "op" : "replace",
  "path" : "/nodes/root:6/outPorts/0/portContentVersion",
  "value" : "PLACEHOLDER_FOR_VERSION"
}, {
  "op" : "replace",
  "path" : "/nodes/root:6/outPorts/1/portContentVersion",
  "value" : "PLACEHOLDER_FOR_VERSION"
}, {
  "op" : "replace",
  "path" : "/nodes/root:8/state/executionState",
  "value" : "CONFIGURED"
}, {
  "op" : "replace",
  "path" : "/nodes/root:9/state/executionState",
  "value" : "CONFIGURED"
} ]
}