{
  "ops" : [ {
  "op" : "replace",
  "path" : "/nodes/root:1/annotation/text",
  "value" : "yet another text"
} ]
}