{
  "ops" : [ {
  "op" : "add",
  "path" : "/nodes/root:12/state/warning",
  "value" : "Component Input 3:12:0:8: Component does not have input data, execute upstream nodes first"
}, {
  "op" : "add",
  "path" : "/nodes/root:23/state/warning",
  "value" : "Component Input 3:23:0:8: Component does not have input data, execute upstream nodes first"
}, {
  "op" : "add",
  "path" : "/nodes/root:9/state/warning",
  "value" : "Component Input 3:9:0:8: Component does not have input data, execute upstream nodes first"
}, {
  "op" : "remove",
  "path" : "/nodes/root:1/outPorts/0/info"
}, {
  "op" : "remove",
  "path" : "/nodes/root:1/outPorts/1/info"
}, {
  "op" : "remove",
  "path" : "/nodes/root:1/outPorts/1/portObjectVersion",
  "value" : "PLACEHOLDER_FOR_VERSION"
}, {
  "op" : "remove",
  "path" : "/nodes/root:1/outPorts/2/info"
}, {
  "op" : "remove",
  "path" : "/nodes/root:1/outPorts/2/portObjectVersion",
  "value" : "PLACEHOLDER_FOR_VERSION"
}, {
  "op" : "replace",
  "path" : "/allowedActions/canReset",
  "value" : false
}, {
  "op" : "replace",
  "path" : "/nodes/root:1/allowedActions/canCollapse",
  "value" : "true"
}, {
  "op" : "replace",
  "path" : "/nodes/root:1/allowedActions/canExecute",
  "value" : true
}, {
  "op" : "replace",
  "path" : "/nodes/root:1/allowedActions/canReset",
  "value" : false
}, {
  "op" : "replace",
  "path" : "/nodes/root:1/state/executionState",
  "value" : "CONFIGURED"
}, {
  "op" : "replace",
  "path" : "/nodes/root:12/state/executionState",
  "value" : "IDLE"
}, {
  "op" : "replace",
  "path" : "/nodes/root:23/state/executionState",
  "value" : "IDLE"
}, {
  "op" : "replace",
  "path" : "/nodes/root:8/state/executionState",
  "value" : "IDLE"
}, {
  "op" : "replace",
  "path" : "/nodes/root:9/state/executionState",
  "value" : "IDLE"
} ]
}