"the streaming execution changed event is expected to produce two events - if we run into this, it justed produced one"