{
  "items" : [ ],
  "pathIds" : "list of path-ids; list size: 1",
  "pathNames" : [ "EmptyGroup" ]
}