{
  "items" : [ {
    "id" : "PLACEHOLDER_FOR_ID",
    "name" : "Folder",
    "type" : "WorkflowGroup"
  } ],
  "path" : [ ]
}