{
  "items" : [ ],
  "path" : [ {
    "id" : "PLACEHOLDER_FOR_ID",
    "name" : "EmptyGroup"
  } ]
}