{
  "items" : [ {
    "id" : "PLACEHOLDER_FOR_ID",
    "name" : "workflow",
    "type" : "Workflow"
  }, {
    "id" : "PLACEHOLDER_FOR_ID",
    "name" : "component",
    "type" : "Component"
  } ],
  "pathIds" : "list of path-ids; list size: 2",
  "pathNames" : [ "Group1", "Group11" ]
}