{
  "containerId" : "root:3",
  "containerType" : "component",
  "jobManager" : {
    "type" : "streaming"
  },
  "name" : "Component"
}