{
  "description" : {
    "contentType" : "text/plain",
    "value" : ""
  },
  "inPorts" : [ {
    "name" : "Port 1",
    "optional" : false,
    "typeId" : "org.knime.core.node.BufferedDataTable",
    "typeName" : "Table"
  } ],
  "metadataType" : "component",
  "name" : "Partial Component",
  "outPorts" : [ {
    "name" : "Port 1",
    "optional" : false,
    "typeId" : "org.knime.core.node.BufferedDataTable",
    "typeName" : "Table"
  } ]
}