{
  "allowedActions" : {
    "canPause" : true,
    "canResume" : false,
    "canStep" : false
  },
  "status" : "PAUSED"
}