{
  "description" : "This node uses each row of a data table to define new variable values for each loop iteration. The names of the variables are defined by the column names.",
  "inPorts" : [ {
    "description" : "The table whose rows will constitute variables' values for each iteration.",
    "name" : "Parameters table",
    "optional" : false,
    "typeId" : "org.knime.core.node.BufferedDataTable"
  } ],
  "options" : [ {
    "fields" : [ {
      "description" : "Select the columns to be converted to flow variables. For each selected column, a flow variable\nis created. The name of the flow variable corresponds to the column name and the value corresponds\nto the value of the first row in that column.\n",
      "name" : "Output as variables",
      "optional" : false
    }, {
      "description" : "Behavior in case of missing values in the first row or an input table with no rows.\n<ul>\n    <li>\n        <b>Fail:</b> Ensures that the node will fail during execution if the input table is empty\n        or contains missing values in the columns to convert.\n    </li>\n    <li>\n        <b>Use defaults:</b> Replaces missing values with the configured defaults.\n        If a column has a type for which no flow variable type exists, the default value for missing strings\n        will be output. If the column holds lists or sets of string,\n        boolean, double, integer, or long, an empty list of the according type will be output.\n        If the column holds lists or sets of another type, an empty string list will be output.\n    </li>\n    <li>\n        <b>Ignore:</b> Missing cells will not be converted and therefore be omitted from the output.\n    </li>\n</ul>\n",
      "name" : "If value in cell is missing",
      "optional" : false
    }, {
      "description" : "The default flow variable value for string columns in case of an empty input table\nor a missing value in the first row of the input table.\n",
      "name" : "Default string",
      "optional" : false
    }, {
      "description" : "The default flow variable value for boolean columns in case of an empty input table\nor a missing value in the first row of the input table.\n",
      "name" : "Default boolean",
      "optional" : false
    }, {
      "description" : "The default flow variable value for integer columns in case of an empty input table\nor a missing value in the first row of the input table.\n",
      "name" : "Default integer",
      "optional" : false
    }, {
      "description" : "The default flow variable value for long columns in case of an empty input table\nor a missing value in the first row of the input table.\n",
      "name" : "Default long",
      "optional" : false
    }, {
      "description" : "The default flow variable value for double columns in case of an empty input table\nor a missing value in the first row of the input table.\n",
      "name" : "Default double",
      "optional" : false
    } ],
    "sectionName" : "Options"
  } ],
  "outPorts" : [ {
    "description" : "Holds created flow variables.",
    "name" : "Variables Connection",
    "optional" : false,
    "typeId" : "org.knime.core.node.port.flowvariable.FlowVariablePortObject"
  } ],
  "shortDescription" : "Iterates over an input data table, whereby each row defines an iteration with variable settings taken from the values in that row."
}